PHPUnit 12.4.2 by Sebastian Bergmann and contributors.

Runtime:       PHP 8.3.25
Configuration: C:\Users\adm\Documents\phpabc_cant\phpunit.xml

php : Added token: A -> Replacement: dar
At line:1 char:1
+ php phpunit.phar tests/AbcCanntaireachdPassTest.php > test_output.txt ...
+ ~~~~~~~~~~~~~~~~~~~~~~~~~~~~~~~~~~~~~~~~~~~~~~~~~~~~~~~~~~~~~~~~~~~~~
    + CategoryInfo          : NotSpecified: (Added token: A -> Replacement: dar:Strin 
   g) [], RemoteException
    + FullyQualifiedErrorId : NativeCommandError
 
Added token: B -> Replacement: dod
Added token: C -> Replacement: hid
Added token: D -> Replacement: dar
Added token: A -> Replacement: dar
Added token: B -> Replacement: dod
Added token: C -> Replacement: hid
Added token: D -> Replacement: dar
.Added token: A -> Replacement: dar
Added token: B -> Replacement: dod
Added token: C -> Replacement: hid
Added token: D -> Replacement: dar
Added token: A -> Replacement: dar
Added token: B -> Replacement: dod
Added token: C -> Replacement: hid
Added token: D -> Replacement: dar
.Added token: A -> Replacement: dar
Added token: B -> Replacement: dod
Added token: C -> Replacement: hid
Added token: D -> Replacement: dar
Added token: A -> Replacement: dar
Added token: B -> Replacement: dod
Added token: C -> Replacement: hid
Added token: D -> Replacement: dar
.Added token: A -> Replacement: dar
Added token: B -> Replacement: dod
Added token: C -> Replacement: hid
Added token: D -> Replacement: dar
generateForNotes input: A B C D
Token 'A' matched -> 'dar'
Token 'B' matched -> 'dod'
Token 'C' matched -> 'hid'
Token 'D' matched -> 'dar'
generateForNotes output: dar dod hid dar
Added token: A -> Replacement: dar
Added token: B -> Replacement: dod
Added token: C -> Replacement: hid
Added token: D -> Replacement: dar
.Added token: A -> Replacement: dar
Added token: B -> Replacement: dod
Added token: C -> Replacement: hid
Added token: D -> Replacement: dar
generateForNotes input: A B C D
Token 'A' matched -> 'dar'
Token 'B' matched -> 'dod'
Token 'C' matched -> 'hid'
Token 'D' matched -> 'dar'
generateForNotes output: dar dod hid dar
Added token: A -> Replacement: dar
Added token: B -> Replacement: dod
Added token: C -> Replacement: hid
Added token: D -> Replacement: dar
FAdded token: A -> Replacement: dar
Added token: B -> Replacement: dod
Added token: C -> Replacement: hid
Added token: D -> Replacement: dar
generateForNotes input: A B C D
Token 'A' matched -> 'dar'
Token 'B' matched -> 'dod'
Token 'C' matched -> 'hid'
Token 'D' matched -> 'dar'
generateForNotes output: dar dod hid dar
Added token: A -> Replacement: dar
Added token: B -> Replacement: dod
Added token: C -> Replacement: hid
Added token: D -> Replacement: dar
.Added token: A -> Replacement: dar
Added token: B -> Replacement: dod
Added token: C -> Replacement: hid
Added token: D -> Replacement: dar
generateForNotes input: A B C D | A B |TIMING ERROR|
Token 'A' matched -> 'dar'
Token 'B' matched -> 'dod'
Token 'C' matched -> 'hid'
Token 'D' matched -> 'dar'
Token '|' not found, wrapped as '[|]'
Token 'A' matched -> 'dar'
Token 'B' matched -> 'dod'
Token '|TIMING' not found, wrapped as '[|TIMING]'
Token 'ERROR|' not found, wrapped as '[ERROR|]'
generateForNotes output: dar dod hid dar [|] dar dod [|TIMING] [ERROR|]
Timing issue detected: A B C D | A B |TIMING ERROR|
Timing issue detected: w: dar dod hid dar [|] dar dod [|TIMING] [ERROR|]
Added token: A -> Replacement: dar
Added token: B -> Replacement: dod
Added token: C -> Replacement: hid
Added token: D -> Replacement: dar
.Added token: A -> Replacement: dar
Added token: B -> Replacement: dod
Added token: C -> Replacement: hid
Added token: D -> Replacement: dar
generateForNotes input: A B C D
Token 'A' matched -> 'dar'
Token 'B' matched -> 'dod'
Token 'C' matched -> 'hid'
Token 'D' matched -> 'dar'
generateForNotes output: dar dod hid dar
Added token: A -> Replacement: dar
Added token: B -> Replacement: dod
Added token: C -> Replacement: hid
Added token: D -> Replacement: dar
.Added token: A -> Replacement: dar
Added token: B -> Replacement: dod
Added token: C -> Replacement: hid
Added token: D -> Replacement: dar
generateForNotes input: A B C D
Token 'A' matched -> 'dar'
Token 'B' matched -> 'dod'
Token 'C' matched -> 'hid'
Token 'D' matched -> 'dar'
generateForNotes output: dar dod hid dar
generateForNotes input: D C B A
Token 'D' matched -> 'dar'
Token 'C' matched -> 'hid'
Token 'B' matched -> 'dod'
Token 'A' matched -> 'dar'
generateForNotes output: dar hid dod dar
Added token: A -> Replacement: dar
Added token: B -> Replacement: dod
Added token: C -> Replacement: hid
Added token: D -> Replacement: dar
.Added token: A -> Replacement: dar
Added token: B -> Replacement: dod
Added token: C -> Replacement: hid
Added token: D -> Replacement: dar
generateForNotes input: A B C
Token 'A' matched -> 'dar'
Token 'B' matched -> 'dod'
Token 'C' matched -> 'hid'
generateForNotes output: dar dod hid
Added token: A -> Replacement: dar
Added token: B -> Replacement: dod
Added token: C -> Replacement: hid
Added token: D -> Replacement: dar
.Added token: A -> Replacement: dar
Added token: B -> Replacement: dod
Added token: C -> Replacement: hid
Added token: D -> Replacement: dar
generateForNotes input: A B C
Token 'A' matched -> 'dar'
Token 'B' matched -> 'dod'
Token 'C' matched -> 'hid'
generateForNotes output: dar dod hid
Added token: A -> Replacement: dar
Added token: B -> Replacement: dod
Added token: C -> Replacement: hid
Added token: D -> Replacement: dar
.Added token: A -> Replacement: dar
Added token: B -> Replacement: dod
Added token: C -> Replacement: hid
Added token: D -> Replacement: dar
generateForNotes input: A2 B3 C D/2
Token 'A2' matched -> 'dar'
Token 'B3' matched -> 'dod'
Token 'C' matched -> 'hid'
Token 'D/2' matched -> 'dar'
generateForNotes output: dar dod hid dar
Added token: A -> Replacement: dar
Added token: B -> Replacement: dod
Added token: C -> Replacement: hid
Added token: D -> Replacement: dar
.Added token: A -> Replacement: dar
Added token: B -> Replacement: dod
Added token: C -> Replacement: hid
Added token: D -> Replacement: dar
generateForNotes input: {g}A B {e}C
Token '{g}A' not found, wrapped as '[{g}A]'
Token 'B' matched -> 'dod'
Token '{e}C' not found, wrapped as '[{e}C]'
generateForNotes output: [{g}A] dod [{e}C]
Added token: A -> Replacement: dar
Added token: B -> Replacement: dod
Added token: C -> Replacement: hid
Added token: D -> Replacement: dar
.Added token: A -> Replacement: dar
Added token: B -> Replacement: dod
Added token: C -> Replacement: hid
Added token: D -> Replacement: dar
generateForNotes input: A X B
Token 'A' matched -> 'dar'
Token 'X' not found, wrapped as '[X]'
Token 'B' matched -> 'dod'
generateForNotes output: dar [X] dod
Added token: A -> Replacement: dar
Added token: B -> Replacement: dod
Added token: C -> Replacement: hid
Added token: D -> Replacement: dar
.Added token: A -> Replacement: dar
Added token: B -> Replacement: dod
Added token: C -> Replacement: hid
Added token: D -> Replacement: dar
Added token: A -> Replacement: dar
Added token: B -> Replacement: dod
Added token: C -> Replacement: hid
Added token: D -> Replacement: dar
.Added token: A -> Replacement: dar
Added token: B -> Replacement: dod
Added token: C -> Replacement: hid
Added token: D -> Replacement: dar
Added token: A -> Replacement: dar
Added token: B -> Replacement: dod
Added token: C -> Replacement: hid
Added token: D -> Replacement: dar
FAdded token: A -> Replacement: dar
Added token: B -> Replacement: dod
Added token: C -> Replacement: hid
Added token: D -> Replacement: dar
Added token: A -> Replacement: dar
Added token: B -> Replacement: dod
Added token: C -> Replacement: hid
Added token: D -> Replacement: dar
FAdded token: A -> Replacement: dar
Added token: B -> Replacement: dod
Added token: C -> Replacement: hid
Added token: D -> Replacement: dar
Added token: A -> Replacement: dar
Added token: B -> Replacement: dod
Added token: C -> Replacement: hid
Added token: D -> Replacement: dar
.Added token: A -> Replacement: dar
Added token: B -> Replacement: dod
Added token: C -> Replacement: hid
Added token: D -> Replacement: dar
generateForNotes input: A, A B' C##
Token 'A,' matched -> 'dar'
Token 'A' matched -> 'dar'
Token 'B'' matched -> 'dod'
Token 'C##' matched -> 'hid'
generateForNotes output: dar dar dod hid
Added token: A -> Replacement: dar
Added token: B -> Replacement: dod
Added token: C -> Replacement: hid
Added token: D -> Replacement: dar
.Added token: A -> Replacement: dar
Added token: B -> Replacement: dod
Added token: C -> Replacement: hid
Added token: D -> Replacement: dar
generateForNotes input: A B C
Token 'A' matched -> 'dar'
Token 'B' matched -> 'dod'
Token 'C' matched -> 'hid'
generateForNotes output: dar dod hid
Added token: A -> Replacement: dar
Added token: B -> Replacement: dod
Added token: C -> Replacement: hid
Added token: D -> Replacement: dar
.Added token: A -> Replacement: dar
Added token: B -> Replacement: dod
Added token: C -> Replacement: hid
Added token: D -> Replacement: dar
generateForNotes input: A B C |TIMING ERROR|
Token 'A' matched -> 'dar'
Token 'B' matched -> 'dod'
Token 'C' matched -> 'hid'
Token '|TIMING' not found, wrapped as '[|TIMING]'
Token 'ERROR|' not found, wrapped as '[ERROR|]'
generateForNotes output: dar dod hid [|TIMING] [ERROR|]
Timing issue detected: A B C |TIMING ERROR|
Timing issue detected: w: dar dod hid [|TIMING] [ERROR|]
.                                             21 / 21 (100%)

Time: 00:08.213, Memory: 26.00 MB

There were 3 failures:

1) AbcCanntaireachdPassTest::testProcessBagpipeVoiceWithoutLyrics
Failed asserting that actual size 5 matches expected size 6.

C:\Users\adm\Documents\phpabc_cant\tests\AbcCanntaireachdPassTest.php:90

2) AbcCanntaireachdPassTest::testMalformedMusicLine
Failed asserting that actual size 2 matches expected size 3.

C:\Users\adm\Documents\phpabc_cant\tests\AbcCanntaireachdPassTest.php:291

3) AbcCanntaireachdPassTest::testLineWithOnlyRests
Failed asserting that actual size 2 matches expected size 3.

C:\Users\adm\Documents\phpabc_cant\tests\AbcCanntaireachdPassTest.php:307

FAILURES!
Tests: 21, Assertions: 76, Failures: 3.
